[    0.079937] platform 315c00000.dcp: Adding to iommu group 6
[   11.769457] platform 315c00000.dcp: deferred probe pending: apple-dcp: /soc/dcp@315c00000/typec-routes/route@0: failed to get display crossbar
[   11.769504] apple-pmgr-pwrstate 28e080000.power-management:power-controller@2b8: sync_state() pending due to 315c00000.dcp
[   11.769520] apple-pmgr-pwrstate 29e280000.power-management:power-controller@c8: sync_state() pending due to 70304c000.mux
[   18.979593] apple-display-crossbar 70304c000.mux: Switched dpphy to disconnected state
[   18.979605] apple-display-crossbar 70304c000.mux: t602x idle: 000=00000000 004=000001ff 008=00000000 00c=00000000 014=000001ff 018=00000000 01c=00000000 024=00000111 028=00000000 02c=00000000 030=00000000 034=00000000 040=0005ad6b 044=02b5ad6b 048=00000000 04c=00000000 050=00000000 060=00000000 070=00000000
[   18.979608] apple-display-crossbar 70304c000.mux: t602x idle clk: 000=00000000 800=00000000 020=00000000 820=00000000 024=00000111 81c=00000111
[   18.979611] apple-display-crossbar 70304c000.mux: Switched dpin0 to disconnected state
[   18.979618] apple-display-crossbar 70304c000.mux: t602x idle: 000=00000000 004=000001ff 008=00000000 00c=00000000 014=000001ff 018=00000000 01c=00000000 024=00000111 028=00000000 02c=00000000 030=00000000 034=00000000 040=0005ad6b 044=02b5ad6b 048=00000000 04c=00000000 050=00000000 060=00000000 070=00000000
[   18.979621] apple-display-crossbar 70304c000.mux: t602x idle clk: 000=00000000 800=00000000 020=00000000 820=00000000 024=00000111 81c=00000111
[   18.979623] apple-display-crossbar 70304c000.mux: Switched dpin1 to disconnected state
[   18.979631] apple-display-crossbar 70304c000.mux: t602x idle: 000=00000000 004=000001ff 008=00000000 00c=00000000 014=000001ff 018=00000000 01c=00000000 024=00000111 028=00000000 02c=00000000 030=00000000 034=00000000 040=0005ad6b 044=02b5ad6b 048=00000000 04c=00000000 050=00000000 060=00000000 070=00000000
[   18.979634] apple-display-crossbar 70304c000.mux: t602x idle clk: 000=00000000 800=00000000 020=00000000 820=00000000 024=00000111 81c=00000111
[   18.993100] apple-dcp 315c00000.dcp: typec0 USB4 DP IN using crossbar mux 1
[   18.998768] apple-dcp 315c00000.dcp: typec1 USB4 DP IN using crossbar mux 1
[   18.999643] apple-dcp 315c00000.dcp: typec2 USB4 DP IN using crossbar mux 1
[   19.015988] apple-dcp 315c00000.dcp: DCP index:2 dptx target phy: 1 dptx die: 0
[   19.016099] platform 315c00000.dcp:piodma: Adding to iommu group 18
[   19.016326] apple-dcp 315c00000.dcp: RTKit: Initializing (protocol version 12)
[   19.016401] apple-dcp 315c00000.dcp: shmem_setup: iova: 10080238000 -> pa: 107dc5b4000 -> iomem: ffff80008f0b0000
[   19.016408] apple-dcp 315c00000.dcp: shmem_setup: iova: 10fffffc000, buffer: ffff80008f094000
[   19.017324] apple-dcp 315c00000.dcp: shmem_setup: iova: 10fffff8000, buffer: ffff80008f0c4000
[   19.017404] apple-drm soc:display-subsystem: bound 315c00000.dcp (ops dcp_comp_ops [appledrm])
[   20.082500] apple-dcp 315c00000.dcp: AFK[ep:20]: new service system on channel 1
[   20.082540] apple-dcp 315c00000.dcp: AFK[ep:20]: new service powerlog-service on channel 3
[   21.093432] apple-dcp 315c00000.dcp: AFK[ep:23]: new service disp0-service on channel 1
[   21.099452] apple-dcp 315c00000.dcp: AFK[ep:2a]: new service AppleDCPDPTXRemotePort on channel 1
[   21.099522] apple-dcp 315c00000.dcp: AFK[ep:2a]: new service AppleDCPDPTXRemotePort on channel 3
[   21.099677] apple-dcp 315c00000.dcp: RTKit: syslog message: ap_link.c:299: shared memory dva: 0x10fffe00000 0xffffffff00027000
[   21.099723] apple-dcp 315c00000.dcp: RTKit: syslog message: ap_link.c:276: ap_link: IOMFB: DCP heap size: 0x1030000 [iBoot:0x1030000] [LinkService:0x0]
[   21.100768] apple-dcp 315c00000.dcp: RTKit: syslog message: nifiedPipeline.cpp:4191: IOMFB: Could not find Backlight service
[   21.100833] apple-dcp 315c00000.dcp: RTKit: syslog message: nifiedPipeline.cpp:4199: IOMFB: Could not find nvram service
[   21.100836] apple-dcp 315c00000.dcp: RTKit: syslog message: nifiedPipeline.cpp:1838: virtual bool UnifiedPipeline::start_ios_gated(): Created AP Services
[   21.103794] apple-dcp 315c00000.dcp: RTKit: syslog message: nifiedPipeline.cpp:1871: virtual bool UnifiedPipeline::start_ios_gated(): Flushed RTPs
[   21.104406] apple-dcp 315c00000.dcp: RTKit: syslog message: PPipeDCP_H13P.cpp:11122: IOMFB setup_video_limits called on secondary display with no timing set
[   21.104451] apple-dcp 315c00000.dcp: read_edt_data key=initial-vbi-advance-lines count=1 default0=0x2 ret=0
[   21.105661] apple-dcp 315c00000.dcp: RTKit: syslog message: nifiedPipeline.cpp:1356: set_device_enabled_gated: current state: 1, requested state: 1
[   21.105818] apple-dcp 315c00000.dcp: RTKit: syslog message: PPipeDCP_H13P.cpp:11122: IOMFB setup_video_limits called on secondary display with no timing set
[   21.107642] apple-dcp 315c00000.dcp: RTKit: syslog message: PPipeDCP_H13P.cpp:10468: set_run_mode_safe: no need to defer: 2 -> 1
[   21.107734] apple-dcp 315c00000.dcp: RTKit: syslog message: PPipeDCP_H13P.cpp:10468: set_run_mode_safe: no need to defer: 1 -> 0
[   21.108228] apple-dcp 315c00000.dcp: RTKit: syslog message: nifiedPipeline.cpp:1356: set_device_enabled_gated: current state: 1, requested state: 0
[   21.108531] apple-dcp 315c00000.dcp: DCP booted
[   21.108698] apple-dcp 315c00000.dcp: DCP is_main_display: 0
[   21.233809] apple-dcp 315c00000.dcp: typec mux set typec1 alt=0000000000000000 svid=0000 mode=0 dp=0 usb4=0 tbt=0 usb4_xbar=yes
[   21.243135] apple-dcp 315c00000.dcp: typec mux set typec0 alt=0000000000000000 svid=0000 mode=0 dp=0 usb4=0 tbt=0 usb4_xbar=yes
[   21.252565] apple-dcp 315c00000.dcp: typec mux set typec2 alt=0000000000000000 svid=0000 mode=0 dp=0 usb4=0 tbt=0 usb4_xbar=yes
[  542.723520] apple-dcp 315c00000.dcp: typec mux set typec0 alt=0000000000000000 svid=0000 mode=4 dp=0 usb4=1 tbt=0 usb4_xbar=yes
[  542.723542] apple-dcp 315c00000.dcp: dcp_dptx_disconnect(port=0)
[  542.723568] apple-display-crossbar 70304c000.mux: Switched dpin0 to dispext1,0 (t602x atc=0x1 mux=0x2002)
[  542.723583] apple-display-crossbar 70304c000.mux: t602x dpin0: 000=00000004 004=000001fb 008=00000004 00c=00000004 014=000001fb 018=00000010 01c=00000001 024=00000110 028=00000001 02c=00000004 030=00002002 034=00000001 040=0005ad6b 044=02b5ad6b 048=00000000 04c=00000000 050=00000000 060=00000000 070=00000000
[  542.723589] apple-display-crossbar 70304c000.mux: t602x dpin0 clk: 000=00000004 800=00000000 020=00000000 820=00000000 024=00000110 81c=00000110
[  542.723594] apple-dcp 315c00000.dcp: allocated Type-C DPTX PHY 4 (USB4 DP IN, ACIO AUX)
[  542.723597] apple-dcp 315c00000.dcp: USB4 dpin mux typec0; waiting for DP IN HPD
[  542.728921] thunderbolt-apple-nhi 701f00000.nhi: device links to tunneled native ports are missing!
[  545.170902] thunderbolt-apple-nhi 701f00000.nhi: 0:5: USB4 DPTX Discovery closed (CS13 writable, CS9 static); AE=0 VE=0
[  545.172901] thunderbolt-apple-nhi 701f00000.nhi: 0:5: DP IN CS0=c0090400 CS1=00004008 CS2=241021c2 CS3=00000000 LOCAL=15402334 REMOTE=0547a135 STAT=00000000 COMMON=15402134 CS8=00000000 VE=1 AE=1 HPD=1 DPRX=0
[  545.173939] thunderbolt-apple-nhi 701f00000.nhi: 1:19: DP OUT CS0=c0090400 CS1=00004008 CS2=00000040 CS3=00000000 LOCAL=05c7a335 REMOTE=15402334 STAT=04000000 COMMON=05402334 CS8=00000000 VE=1 AE=1 HPD=1 DPRX=0
[  545.174009] thunderbolt-apple-nhi 701f00000.nhi: 0:5 <-> 1:19 (DP): Apple: DP IN HPD=1 typec=0 (DPTX should use this adapter, not ATC)
[  545.174017] thunderbolt-apple-nhi 701f00000.nhi: DP IN analog/AUX serializer: tunnel 0:5 <-> 1:19
[  545.175080] thunderbolt-apple-nhi 701f00000.nhi: 0: Apple VSE cap=53: 00=ca0005ff 01=00000013 02=00000000 03=00000000 04=00000000 05=00000000 06=00000000 07=00000000 08=00000000 09=00000000 0a=00000000 0b=00000000 0c=00000fff 0d=00000fff 0e=00000000 0f=00000000
[  545.175085] thunderbolt-apple-nhi 701f00000.nhi: DP IN analog block 0x4000 (port 5) dpin_aux=0 (0=hands-off)
[  545.175089] thunderbolt-apple-nhi 701f00000.nhi: DP IN analog: leaving PHY alone until DPRX timeout
[  545.176011] thunderbolt-apple-nhi 701f00000.nhi: 0:5: host DP IN type=0e0101 cap=9 CS0=c0090400 CS1=00004008 CS2=241021c2 CS3=00000000 LOCAL=15402334 REMOTE=0547a135 STAT=00000000 COMMON=15402134 CS8=00000000 CS9=41000553 CS10=00000000 ADP_CS4=0b300000 VE=1 AE=1 HPD=1 DPRX=0 LCK=0
[  545.176023] thunderbolt-apple-nhi 701f00000.nhi: 0:5: host DP IN CS11=00000000 CS12=00000000 CS13=00000000 CS14=00000000 CS15=00000000 CS16=00000000 disc=0
[  545.176942] thunderbolt-apple-nhi 701f00000.nhi: 0:6: host DP IN type=0e0101 cap=9 CS0=00090400 CS1=00004008 CS2=00000000 CS3=00000000 LOCAL=15402334 REMOTE=00000000 STAT=00000000 COMMON=00000000 CS8=00000000 CS9=41000553 CS10=00000000 ADP_CS4=0b300000 VE=0 AE=0 HPD=0 DPRX=0 LCK=0
[  545.176950] thunderbolt-apple-nhi 701f00000.nhi: 0:6: host DP IN CS11=00000000 CS12=00000000 CS13=00000000 CS14=00000000 CS15=00000000 CS16=00000000 disc=0
[  545.177015] thunderbolt-apple-nhi 701f00000.nhi: 0:5: DP IN hop 8 enable=1 out=1 next=11 credits=1
[  545.177069] thunderbolt-apple-nhi 701f00000.nhi: 0:5: DP IN hop 9 enable=1 out=1 next=10 credits=0
[  545.178087] thunderbolt-apple-nhi 701f00000.nhi: 1:19: hub DP OUT type=0e0102 cap=57 CS0=c0090400 CS1=00004008 CS2=00000040 CS3=00000000 LOCAL=05c7a335 REMOTE=15402334 STAT=04000000 COMMON=05402334 CS8=00000000 CS9=00000000 CS10=00000000 ADP_CS4=40800000 VE=1 AE=1 HPD=1 DPRX=0 LCK=0
[  545.178096] thunderbolt-apple-nhi 701f00000.nhi: 1:19: hub DP OUT CS11=00000000 CS12=00000000 CS13=00000000 CS14=00000000 CS15=00000000 CS16=00000000 disc=0
[  545.178815] thunderbolt-apple-nhi 701f00000.nhi: 0:5 <-> 1:19 (DP): Apple: DP tunnel paths up, not waiting for DPRX
[  545.395133] apple-dcp 315c00000.dcp: USB4 DP IN armed typec0; DPTX HPD in 200 ms (no PHY connect)
[  545.603046] apple-dcp 315c00000.dcp: dcp_dptx_connect(port=0) target=0:4 typec=1 route=borrowed conn_type=20 connected=0
[  545.603056] apple-dcp 315c00000.dcp: USB4: skip lpdptxphy instantiate (eDP stays on)
[  545.603294] apple-dcp 315c00000.dcp: RTKit: syslog message: FKSystemService.cpp:319: [AFK][AFKSystemServiceClient:0x4] command:43
[  545.603453] apple-dcp 315c00000.dcp: USB4: DCP verbose logs ret=0 retcode=0
[  545.603459] apple-dcp 315c00000.dcp: USB4: analog DPIN bind port=0 (unit 0)
[  545.603463] apple-dcp 315c00000.dcp: DPTX validate target=0x9001 core=1 atc=0 die=0 or=0x0
[  545.603559] apple-dcp 315c00000.dcp: RTKit: syslog message: ventSource_rtkit.cpp:71: [AFK][AFKMailboxEventSource:0x84d5e0] endpoint_rcv_callback
[  545.603620] apple-dcp 315c00000.dcp: RTKit: syslog message: ventSource_rtkit.cpp:61: [AFK][AFKMailboxEventSource] worker
[  545.603732] apple-dcp 315c00000.dcp: RTKit: syslog message: AFKService.cpp:538: [AFK][AppleDCPDPTXRemotePortEPClient:0x1b] handleOpen by [AFKMailboxSharedMemoryEndpointInterface:0x46]
[  545.603750] apple-dcp 315c00000.dcp: RTKit: syslog message: AFKService.cpp:529: [AFK][AppleDCPDPTXRemotePortEPClient:0x1b] open by [AFKMailboxSharedMemoryEndpointInterface:0x46] : 1
[  545.603794] apple-dcp 315c00000.dcp: RTKit: syslog message: AFKService.cpp:538: [AFK][AppleDCPDPTXRemotePort:0x1a] handleOpen by [AFKMailboxSharedMemoryEndpointInterface:0x46]
[  545.603803] apple-dcp 315c00000.dcp: RTKit: syslog message: AFKService.cpp:529: [AFK][AppleDCPDPTXRemotePort:0x1a] open by [AFKMailboxSharedMemoryEndpointInterface:0x46] : 1
[  545.603838] apple-dcp 315c00000.dcp: RTKit: syslog message: ventSource_rtkit.cpp:94: [AFK][AFKTimerEventSource] interval:5 repeating:0
[  545.603892] apple-dcp 315c00000.dcp: RTKit: syslog message: entSource_rtkit.cpp:105: [AFK][AFKTimerEventSource] worker
[  545.604006] apple-dcp 315c00000.dcp: USB4: analog DPIN validate core=1 atc=0: 0
[  545.604033] apple-dcp 315c00000.dcp: DPTX connect target=0x9001 unk=0x100
[  545.604034] apple-dcp 315c00000.dcp: RTKit: syslog message: AFKService.cpp:590: [AFK][AppleDCPDPTXRemotePort:0x1a] handleClose by [AFKMailboxSharedMemoryEndpointInterface:0x46]
[  545.604044] apple-dcp 315c00000.dcp: RTKit: syslog message: AFKService.cpp:576: [AFK][AppleDCPDPTXRemotePort:0x1a] close by [AFKMailboxSharedMemoryEndpointInterface:0x46]
[  545.604051] apple-dcp 315c00000.dcp: RTKit: syslog message: AFKService.cpp:590: [AFK][AppleDCPDPTXRemotePortEPClient:0x1b] handleClose by [AFKMailboxSharedMemoryEndpointInterface:0x46]
[  545.604105] apple-dcp 315c00000.dcp: RTKit: syslog message: AFKService.cpp:576: [AFK][AppleDCPDPTXRemotePortEPClient:0x1b] close by [AFKMailboxSharedMemoryEndpointInterface:0x46]
[  545.604143] apple-dcp 315c00000.dcp: RTKit: syslog message: ventSource_rtkit.cpp:61: [AFK][AFKMailboxEventSource] worker
[  545.604237] apple-dcp 315c00000.dcp: RTKit: syslog message: AFKService.cpp:538: [AFK][AppleDCPDPTXRemotePortEPClient:0x1b] handleOpen by [AFKMailboxSharedMemoryEndpointInterface:0x46]
[  545.604254] apple-dcp 315c00000.dcp: RTKit: syslog message: AFKService.cpp:529: [AFK][AppleDCPDPTXRemotePortEPClient:0x1b] open by [AFKMailboxSharedMemoryEndpointInterface:0x46] : 1
[  545.604291] apple-dcp 315c00000.dcp: RTKit: syslog message: AFKService.cpp:538: [AFK][AppleDCPDPTXRemotePort:0x1a] handleOpen by [AFKMailboxSharedMemoryEndpointInterface:0x46]
[  545.604300] apple-dcp 315c00000.dcp: RTKit: syslog message: AFKService.cpp:529: [AFK][AppleDCPDPTXRemotePort:0x1a] open by [AFKMailboxSharedMemoryEndpointInterface:0x46] : 1
[  545.604331] apple-dcp 315c00000.dcp: RTKit: syslog message: ventSource_rtkit.cpp:94: [AFK][AFKTimerEventSource] interval:5 repeating:0
[  545.604380] apple-dcp 315c00000.dcp: RTKit: syslog message: entSource_rtkit.cpp:105: [AFK][AFKTimerEventSource] worker
[  545.604488] apple-dcp 315c00000.dcp: USB4: analog DPIN connect core=1 atc=0 HPD: 0
[  545.604508] apple-dcp 315c00000.dcp: RTKit: syslog message: AFKService.cpp:590: [AFK][AppleDCPDPTXRemotePort:0x1a] handleClose by [AFKMailboxSharedMemoryEndpointInterface:0x46]
[  545.604516] apple-dcp 315c00000.dcp: RTKit: syslog message: AFKService.cpp:576: [AFK][AppleDCPDPTXRemotePort:0x1a] close by [AFKMailboxSharedMemoryEndpointInterface:0x46]
[  545.604552] apple-dcp 315c00000.dcp: RTKit: syslog message: ventSource_rtkit.cpp:71: [AFK][AFKMailboxEventSource:0x84d5e0] endpoint_rcv_callback
[  545.604591] apple-dcp 315c00000.dcp: RTKit: syslog message: AFKService.cpp:590: [AFK][AppleDCPDPTXRemotePortEPClient:0x1b] handleClose by [AFKMailboxSharedMemoryEndpointInterface:0x46]
[  545.604600] apple-dcp 315c00000.dcp: RTKit: syslog message: AFKService.cpp:576: [AFK][AppleDCPDPTXRemotePortEPClient:0x1b] close by [AFKMailboxSharedMemoryEndpointInterface:0x46]
[  545.604658] apple-dcp 315c00000.dcp: RTKit: syslog message: ventSource_rtkit.cpp:61: [AFK][AFKMailboxEventSource] worker
[  545.604767] apple-dcp 315c00000.dcp: RTKit: syslog message: AFKService.cpp:538: [AFK][AppleDCPDPTXRemotePortEPClient:0x1b] handleOpen by [AFKMailboxSharedMemoryEndpointInterface:0x46]
[  545.604812] apple-dcp 315c00000.dcp: RTKit: syslog message: AFKService.cpp:529: [AFK][AppleDCPDPTXRemotePortEPClient:0x1b] open by [AFKMailboxSharedMemoryEndpointInterface:0x46] : 1
[  545.604819] apple-dcp 315c00000.dcp: RTKit: syslog message: AFKService.cpp:538: [AFK][AppleDCPDPTXRemotePort:0x1a] handleOpen by [AFKMailboxSharedMemoryEndpointInterface:0x46]
[  545.604866] apple-dcp 315c00000.dcp: RTKit: syslog message: AFKService.cpp:529: [AFK][AppleDCPDPTXRemotePort:0x1a] open by [AFKMailboxSharedMemoryEndpointInterface:0x46] : 1
[  545.604872] apple-dcp 315c00000.dcp: RTKit: syslog message: ventSource_rtkit.cpp:94: [AFK][AFKTimerEventSource] interval:5 repeating:0
[  545.604935] apple-dcp 315c00000.dcp: RTKit: syslog message: entSource_rtkit.cpp:105: [AFK][AFKTimerEventSource] worker
[  545.605081] apple-dcp 315c00000.dcp: USB4: analog DPIN set_hpd: 0
[  545.605086] apple-dcp 315c00000.dcp: USB4: before request_display nr_modes=0 valid_mode=0
[  545.605101] apple-dcp 315c00000.dcp: RTKit: syslog message: AFKService.cpp:590: [AFK][AppleDCPDPTXRemotePort:0x1a] handleClose by [AFKMailboxSharedMemoryEndpointInterface:0x46]
[  545.605109] apple-dcp 315c00000.dcp: RTKit: syslog message: AFKService.cpp:576: [AFK][AppleDCPDPTXRemotePort:0x1a] close by [AFKMailboxSharedMemoryEndpointInterface:0x46]
[  545.605174] apple-dcp 315c00000.dcp: RTKit: syslog message: AFKService.cpp:590: [AFK][AppleDCPDPTXRemotePortEPClient:0x1b] handleClose by [AFKMailboxSharedMemoryEndpointInterface:0x46]
[  545.605186] apple-dcp 315c00000.dcp: RTKit: syslog message: AFKService.cpp:576: [AFK][AppleDCPDPTXRemotePortEPClient:0x1b] close by [AFKMailboxSharedMemoryEndpointInterface:0x46]
[  545.605233] apple-dcp 315c00000.dcp: RTKit: syslog message: ventSource_rtkit.cpp:61: [AFK][AFKMailboxEventSource] worker
[  545.605334] apple-dcp 315c00000.dcp: RTKit: syslog message: AFKService.cpp:538: [AFK][AppleDCPDPTXRemotePortEPClient:0x1b] handleOpen by [AFKMailboxSharedMemoryEndpointInterface:0x46]
[  545.605340] apple-dcp 315c00000.dcp: RTKit: syslog message: AFKService.cpp:529: [AFK][AppleDCPDPTXRemotePortEPClient:0x1b] open by [AFKMailboxSharedMemoryEndpointInterface:0x46] : 1
[  545.605380] apple-dcp 315c00000.dcp: RTKit: syslog message: AFKService.cpp:538: [AFK][AppleDCPDPTXRemotePort:0x1a] handleOpen by [AFKMailboxSharedMemoryEndpointInterface:0x46]
[  545.605419] apple-dcp 315c00000.dcp: RTKit: syslog message: AFKService.cpp:529: [AFK][AppleDCPDPTXRemotePort:0x1a] open by [AFKMailboxSharedMemoryEndpointInterface:0x46] : 1
[  545.605423] apple-dcp 315c00000.dcp: RTKit: syslog message: ventSource_rtkit.cpp:94: [AFK][AFKTimerEventSource] interval:5 repeating:0
[  545.605475] apple-dcp 315c00000.dcp: RTKit: syslog message: entSource_rtkit.cpp:105: [AFK][AFKTimerEventSource] worker
[  545.605535] apple-dcp 315c00000.dcp: RTKit: syslog message: AppleDCPDPTX.cpp:355: [AFK]powering nub 0x854e10
[  545.605549] apple-dcp 315c00000.dcp: RTKit: syslog message: PmgrService.cpp:147: [AFK]pmgrSetPowerState devID = 0x25, devMode = 0xF
[  545.605616] apple-dcp 315c00000.dcp: RTKit: syslog message: PmgrService.cpp:301: [AFK]pmgrResetDevice devID = 0x25
[  545.605758] apple-dcp 315c00000.dcp: DPTXPort: APCALL 18 (32 bytes)
[  545.605767] apple-dcp 315c00000.dcp: DPTXPort: GET_SUPPORTS_HPD 1 usb4=1
[  545.605833] apple-dcp 315c00000.dcp: RTKit: syslog message: ventSource_rtkit.cpp:71: [AFK][AFKMailboxEventSource:0x84d5e0] endpoint_rcv_callback
[  545.605887] apple-dcp 315c00000.dcp: RTKit: syslog message: ventSource_rtkit.cpp:61: [AFK][AFKMailboxEventSource] worker
[  545.606020] apple-dcp 315c00000.dcp: DPTXPort: APCALL 10 (32 bytes)
[  545.606026] apple-dcp 315c00000.dcp: get_max_lane_count: USB4 DP IN, 4 lanes
[  545.606077] apple-dcp 315c00000.dcp: RTKit: syslog message: ventSource_rtkit.cpp:71: [AFK][AFKMailboxEventSource:0x84d5e0] endpoint_rcv_callback
[  545.606130] apple-dcp 315c00000.dcp: RTKit: syslog message: ventSource_rtkit.cpp:61: [AFK][AFKMailboxEventSource] worker
[  545.606311] apple-dcp 315c00000.dcp: DPTXPort: APCALL 0 (16 bytes)
[  545.606353] apple-dcp 315c00000.dcp: RTKit: syslog message: ventSource_rtkit.cpp:71: [AFK][AFKMailboxEventSource:0x84d5e0] endpoint_rcv_callback
[  545.606410] apple-dcp 315c00000.dcp: RTKit: syslog message: ventSource_rtkit.cpp:61: [AFK][AFKMailboxEventSource] worker
[  545.606585] apple-dcp 315c00000.dcp: USB4: analog DPIN request_display core=1 atc=0: 0
[  545.606589] apple-dcp 315c00000.dcp: RTKit: syslog message: AFKService.cpp:590: [AFK][AppleDCPDPTXRemotePort:0x1a] handleClose by [AFKMailboxSharedMemoryEndpointInterface:0x46]
[  545.606599] apple-dcp 315c00000.dcp: RTKit: syslog message: AFKService.cpp:576: [AFK][AppleDCPDPTXRemotePort:0x1a] close by [AFKMailboxSharedMemoryEndpointInterface:0x46]
[  545.606601] apple-display-crossbar 70304c000.mux: Switched dpin0 to disconnected state
[  545.606618] apple-display-crossbar 70304c000.mux: t602x idle: 000=00000000 004=000001ff 008=00000000 00c=00000004 014=000001ff 018=00000000 01c=00000000 024=00000110 028=00000000 02c=00000000 030=00000000 034=00000001 040=0005ad6b 044=02b5ad6b 048=00000000 04c=00000000 050=00000000 060=00000000 070=00000000
[  545.606624] apple-display-crossbar 70304c000.mux: t602x idle clk: 000=00000000 800=00000000 020=00000001 820=00000000 024=00000110 81c=00000110
[  545.606649] apple-display-crossbar 70304c000.mux: Switched dpin0 to dispext1,0 (t602x atc=0x1 mux=0x2002)
[  545.606656] apple-dcp 315c00000.dcp: RTKit: syslog message: AFKService.cpp:590: [AFK][AppleDCPDPTXRemotePortEPClient:0x1b] handleClose by [AFKMailboxSharedMemoryEndpointInterface:0x46]
[  545.606663] apple-dcp 315c00000.dcp: RTKit: syslog message: AFKService.cpp:576: [AFK][AppleDCPDPTXRemotePortEPClient:0x1b] close by [AFKMailboxSharedMemoryEndpointInterface:0x46]
[  545.606669] apple-display-crossbar 70304c000.mux: t602x dpin0: 000=00000004 004=000001fb 008=00000004 00c=00000004 014=000001fb 018=00000010 01c=00000001 024=00000110 028=00000001 02c=00000004 030=00002002 034=00000001 040=0005ad6b 044=02b5ad6b 048=00000000 04c=00000000 050=00000000 060=00000000 070=00000000
[  545.606677] apple-display-crossbar 70304c000.mux: t602x dpin0 clk: 000=00000004 800=00000000 020=00000001 820=00000000 024=00000110 81c=00000110
[  545.606682] apple-dcp 315c00000.dcp: USB4: reselect dpin after nub: 0
[  557.239871] thunderbolt-apple-nhi 701f00000.nhi: 0:5 <-> 1:19 (DP): Apple: DPRX timeout, keeping DP tunnel
[  557.240314] thunderbolt-apple-nhi 701f00000.nhi: 0:5: DP IN CS0=c0090400 CS1=00004008 CS2=241021c2 CS3=00000000 LOCAL=15402334 REMOTE=0547a135 STAT=00000000 COMMON=15402134 CS8=00000000 VE=1 AE=1 HPD=1 DPRX=0
[  557.240806] thunderbolt-apple-nhi 701f00000.nhi: 1:19: DP OUT CS0=c0090400 CS1=00004008 CS2=00000040 CS3=00000000 LOCAL=05c7a335 REMOTE=15402334 STAT=04000000 COMMON=05402334 CS8=00000000 VE=1 AE=1 HPD=1 DPRX=0
[  557.240864] thunderbolt-apple-nhi 701f00000.nhi: 0:5 <-> 1:19 (DP): Apple: DP IN HPD=1 typec=0 (DPTX should use this adapter, not ATC)
